// Jest Snapshot v1, https://goo.gl/fbAQLP

exports[`DocsContainer  should render with default props 1`] = `<Connect(Feature) />`;
